// Jest Snapshot v1, https://goo.gl/fbAQLP

exports[`<Nav/> matches the snapshot 1`] = `
<div>
  <nav>
    <a
      data-testid="logo-icon"
      href="/"
    >
      <h1>
        <svg
          aria-hidden="true"
          class="svg-inline--fa fa-compact-disc "
          data-icon="compact-disc"
          data-prefix="fas"
          focusable="false"
          role="img"
          viewBox="0 0 512 512"
          xmlns="http://www.w3.org/2000/svg"
        >
          <path
            d="M256 0C114.6 0 0 114.6 0 256s114.6 256 256 256s256-114.6 256-256S397.4 0 256 0zM80.72 256H79.63c-9.078 0-16.4-8.011-15.56-17.34C72.36 146 146.5 72.06 239.3 64.06C248.3 63.28 256 70.75 256 80.09c0 8.35-6.215 15.28-14.27 15.99C164.7 102.9 103.1 164.3 96.15 241.4C95.4 249.6 88.77 256 80.72 256zM256 351.1c-53.02 0-96-43-96-95.1s42.98-96 96-96s96 43 96 96S309 351.1 256 351.1zM256 224C238.3 224 224 238.2 224 256s14.3 32 32 32c17.7 0 32-14.25 32-32S273.7 224 256 224z"
            fill="currentColor"
          />
        </svg>
         Music For Coding
      </h1>
    </a>
    <button>
      Library 
      <svg
        aria-hidden="true"
        class="svg-inline--fa fa-music "
        data-icon="music"
        data-prefix="fas"
        focusable="false"
        role="img"
        viewBox="0 0 512 512"
        xmlns="http://www.w3.org/2000/svg"
      >
        <path
          d="M511.1 367.1c0 44.18-42.98 80-95.1 80s-95.1-35.82-95.1-79.1c0-44.18 42.98-79.1 95.1-79.1c11.28 0 21.95 1.92 32.01 4.898V148.1L192 224l-.0023 208.1C191.1 476.2 149 512 95.1 512S0 476.2 0 432c0-44.18 42.98-79.1 95.1-79.1c11.28 0 21.95 1.92 32 4.898V126.5c0-12.97 10.06-26.63 22.41-30.52l319.1-94.49C472.1 .6615 477.3 0 480 0c17.66 0 31.97 14.34 32 31.99L511.1 367.1z"
          fill="currentColor"
        />
      </svg>
    </button>
  </nav>
</div>
`;
